
         /\      Grafana   /?얄?  
    /\  /  \     |\  __   /  /   
   /  \/    \    | |/ /  /   ?얄? 
  /          \   |   (  |  (??  |
 / __________ \  |_|\_\  \_____/ 

     execution: local
        script: /scripts/worker.js
        output: json (/results/raw.json)

     scenarios: (100.00%) 1 scenario, 50 max VUs, 9m0s max duration (incl. graceful stop):
              * payments: 10.00 iterations/s for 2m0s (maxVUs: 10-50, exec: pay, gracefulStop: 7m0s)

time="2026-09-13T02:15:32Z" level=info msg="TARGET_MEASUREMENT_START=1789265732120" source=console

running (0m01.0s), 00/10 VUs, 10 complete and 0 interrupted iterations
payments   [   1% ] 00/10 VUs  0m01.0s/2m0s  10.00 iters/s

running (0m02.0s), 00/10 VUs, 20 complete and 0 interrupted iterations
payments   [   2% ] 00/10 VUs  0m02.0s/2m0s  10.00 iters/s

running (0m03.0s), 00/10 VUs, 30 complete and 0 interrupted iterations
payments   [   2% ] 00/10 VUs  0m03.0s/2m0s  10.00 iters/s

running (0m04.0s), 00/10 VUs, 40 complete and 0 interrupted iterations
payments   [   3% ] 00/10 VUs  0m04.0s/2m0s  10.00 iters/s

running (0m05.0s), 00/10 VUs, 50 complete and 0 interrupted iterations
payments   [   4% ] 00/10 VUs  0m05.0s/2m0s  10.00 iters/s

running (0m06.0s), 00/10 VUs, 60 complete and 0 interrupted iterations
payments   [   5% ] 00/10 VUs  0m06.0s/2m0s  10.00 iters/s

running (0m07.0s), 00/10 VUs, 70 complete and 0 interrupted iterations
payments   [   6% ] 00/10 VUs  0m07.0s/2m0s  10.00 iters/s

running (0m08.0s), 00/10 VUs, 80 complete and 0 interrupted iterations
payments   [   7% ] 00/10 VUs  0m08.0s/2m0s  10.00 iters/s

running (0m09.0s), 00/10 VUs, 90 complete and 0 interrupted iterations
payments   [   7% ] 00/10 VUs  0m09.0s/2m0s  10.00 iters/s

running (0m10.0s), 00/10 VUs, 100 complete and 0 interrupted iterations
payments   [   8% ] 00/10 VUs  0m10.0s/2m0s  10.00 iters/s

running (0m11.0s), 01/10 VUs, 109 complete and 0 interrupted iterations
payments   [   9% ] 01/10 VUs  0m11.0s/2m0s  10.00 iters/s

running (0m12.0s), 00/10 VUs, 120 complete and 0 interrupted iterations
payments   [  10% ] 00/10 VUs  0m12.0s/2m0s  10.00 iters/s

running (0m13.0s), 00/10 VUs, 130 complete and 0 interrupted iterations
payments   [  11% ] 00/10 VUs  0m13.0s/2m0s  10.00 iters/s

running (0m14.0s), 00/10 VUs, 140 complete and 0 interrupted iterations
payments   [  12% ] 00/10 VUs  0m14.0s/2m0s  10.00 iters/s

running (0m15.0s), 00/10 VUs, 150 complete and 0 interrupted iterations
payments   [  12% ] 00/10 VUs  0m15.0s/2m0s  10.00 iters/s

running (0m16.0s), 00/10 VUs, 160 complete and 0 interrupted iterations
payments   [  13% ] 00/10 VUs  0m16.0s/2m0s  10.00 iters/s

running (0m17.0s), 00/10 VUs, 170 complete and 0 interrupted iterations
payments   [  14% ] 00/10 VUs  0m17.0s/2m0s  10.00 iters/s

running (0m18.0s), 00/10 VUs, 180 complete and 0 interrupted iterations
payments   [  15% ] 00/10 VUs  0m18.0s/2m0s  10.00 iters/s

running (0m19.0s), 00/10 VUs, 190 complete and 0 interrupted iterations
payments   [  16% ] 00/10 VUs  0m19.0s/2m0s  10.00 iters/s

running (0m20.0s), 00/10 VUs, 200 complete and 0 interrupted iterations
payments   [  17% ] 00/10 VUs  0m20.0s/2m0s  10.00 iters/s

running (0m21.0s), 00/10 VUs, 210 complete and 0 interrupted iterations
payments   [  17% ] 00/10 VUs  0m21.0s/2m0s  10.00 iters/s

running (0m22.0s), 00/10 VUs, 220 complete and 0 interrupted iterations
payments   [  18% ] 00/10 VUs  0m22.0s/2m0s  10.00 iters/s

running (0m23.0s), 00/10 VUs, 230 complete and 0 interrupted iterations
payments   [  19% ] 00/10 VUs  0m23.0s/2m0s  10.00 iters/s

running (0m24.0s), 00/10 VUs, 240 complete and 0 interrupted iterations
payments   [  20% ] 00/10 VUs  0m24.0s/2m0s  10.00 iters/s

running (0m25.0s), 00/10 VUs, 250 complete and 0 interrupted iterations
payments   [  21% ] 00/10 VUs  0m25.0s/2m0s  10.00 iters/s

running (0m26.0s), 00/10 VUs, 260 complete and 0 interrupted iterations
payments   [  22% ] 00/10 VUs  0m26.0s/2m0s  10.00 iters/s

running (0m27.0s), 00/10 VUs, 270 complete and 0 interrupted iterations
payments   [  22% ] 00/10 VUs  0m27.0s/2m0s  10.00 iters/s

running (0m28.0s), 00/10 VUs, 280 complete and 0 interrupted iterations
payments   [  23% ] 00/10 VUs  0m28.0s/2m0s  10.00 iters/s

running (0m29.0s), 00/10 VUs, 290 complete and 0 interrupted iterations
payments   [  24% ] 00/10 VUs  0m29.0s/2m0s  10.00 iters/s

running (0m30.0s), 00/10 VUs, 300 complete and 0 interrupted iterations
payments   [  25% ] 00/10 VUs  0m30.0s/2m0s  10.00 iters/s

running (0m31.0s), 00/10 VUs, 310 complete and 0 interrupted iterations
payments   [  26% ] 00/10 VUs  0m31.0s/2m0s  10.00 iters/s

running (0m32.0s), 00/10 VUs, 320 complete and 0 interrupted iterations
payments   [  27% ] 00/10 VUs  0m32.0s/2m0s  10.00 iters/s

running (0m33.0s), 00/10 VUs, 330 complete and 0 interrupted iterations
payments   [  27% ] 00/10 VUs  0m33.0s/2m0s  10.00 iters/s

running (0m34.0s), 00/10 VUs, 340 complete and 0 interrupted iterations
payments   [  28% ] 00/10 VUs  0m34.0s/2m0s  10.00 iters/s

running (0m35.0s), 00/10 VUs, 350 complete and 0 interrupted iterations
payments   [  29% ] 00/10 VUs  0m35.0s/2m0s  10.00 iters/s

running (0m36.0s), 00/10 VUs, 360 complete and 0 interrupted iterations
payments   [  30% ] 00/10 VUs  0m36.0s/2m0s  10.00 iters/s

running (0m37.0s), 00/10 VUs, 370 complete and 0 interrupted iterations
payments   [  31% ] 00/10 VUs  0m37.0s/2m0s  10.00 iters/s

running (0m38.0s), 00/10 VUs, 380 complete and 0 interrupted iterations
payments   [  32% ] 00/10 VUs  0m38.0s/2m0s  10.00 iters/s

running (0m39.0s), 00/10 VUs, 390 complete and 0 interrupted iterations
payments   [  32% ] 00/10 VUs  0m39.0s/2m0s  10.00 iters/s

running (0m40.0s), 00/10 VUs, 400 complete and 0 interrupted iterations
payments   [  33% ] 00/10 VUs  0m40.0s/2m0s  10.00 iters/s

running (0m41.0s), 00/10 VUs, 410 complete and 0 interrupted iterations
payments   [  34% ] 00/10 VUs  0m41.0s/2m0s  10.00 iters/s

running (0m42.0s), 00/10 VUs, 420 complete and 0 interrupted iterations
payments   [  35% ] 00/10 VUs  0m42.0s/2m0s  10.00 iters/s

running (0m43.0s), 00/10 VUs, 430 complete and 0 interrupted iterations
payments   [  36% ] 00/10 VUs  0m43.0s/2m0s  10.00 iters/s

running (0m44.0s), 00/10 VUs, 440 complete and 0 interrupted iterations
payments   [  37% ] 00/10 VUs  0m44.0s/2m0s  10.00 iters/s

running (0m45.0s), 00/10 VUs, 450 complete and 0 interrupted iterations
payments   [  37% ] 00/10 VUs  0m45.0s/2m0s  10.00 iters/s

running (0m46.0s), 00/10 VUs, 460 complete and 0 interrupted iterations
payments   [  38% ] 00/10 VUs  0m46.0s/2m0s  10.00 iters/s

running (0m47.0s), 00/10 VUs, 470 complete and 0 interrupted iterations
payments   [  39% ] 00/10 VUs  0m47.0s/2m0s  10.00 iters/s

running (0m48.0s), 00/10 VUs, 480 complete and 0 interrupted iterations
payments   [  40% ] 00/10 VUs  0m48.0s/2m0s  10.00 iters/s

running (0m49.0s), 00/10 VUs, 490 complete and 0 interrupted iterations
payments   [  41% ] 00/10 VUs  0m49.0s/2m0s  10.00 iters/s

running (0m50.0s), 00/10 VUs, 500 complete and 0 interrupted iterations
payments   [  42% ] 00/10 VUs  0m50.0s/2m0s  10.00 iters/s

running (0m51.0s), 00/10 VUs, 510 complete and 0 interrupted iterations
payments   [  42% ] 00/10 VUs  0m51.0s/2m0s  10.00 iters/s

running (0m52.0s), 00/10 VUs, 520 complete and 0 interrupted iterations
payments   [  43% ] 00/10 VUs  0m52.0s/2m0s  10.00 iters/s

running (0m53.0s), 00/10 VUs, 530 complete and 0 interrupted iterations
payments   [  44% ] 00/10 VUs  0m53.0s/2m0s  10.00 iters/s

running (0m54.0s), 00/10 VUs, 540 complete and 0 interrupted iterations
payments   [  45% ] 00/10 VUs  0m54.0s/2m0s  10.00 iters/s

running (0m55.0s), 00/10 VUs, 550 complete and 0 interrupted iterations
payments   [  46% ] 00/10 VUs  0m55.0s/2m0s  10.00 iters/s

running (0m56.0s), 00/10 VUs, 560 complete and 0 interrupted iterations
payments   [  47% ] 00/10 VUs  0m56.0s/2m0s  10.00 iters/s

running (0m57.0s), 00/10 VUs, 570 complete and 0 interrupted iterations
payments   [  47% ] 00/10 VUs  0m57.0s/2m0s  10.00 iters/s

running (0m58.0s), 00/10 VUs, 580 complete and 0 interrupted iterations
payments   [  48% ] 00/10 VUs  0m58.0s/2m0s  10.00 iters/s

running (0m59.0s), 00/10 VUs, 590 complete and 0 interrupted iterations
payments   [  49% ] 00/10 VUs  0m59.0s/2m0s  10.00 iters/s

running (1m00.0s), 00/10 VUs, 600 complete and 0 interrupted iterations
payments   [  50% ] 00/10 VUs  1m00.0s/2m0s  10.00 iters/s

running (1m01.0s), 00/10 VUs, 610 complete and 0 interrupted iterations
payments   [  51% ] 00/10 VUs  1m01.0s/2m0s  10.00 iters/s

running (1m02.0s), 00/10 VUs, 620 complete and 0 interrupted iterations
payments   [  52% ] 00/10 VUs  1m02.0s/2m0s  10.00 iters/s

running (1m03.0s), 00/10 VUs, 630 complete and 0 interrupted iterations
payments   [  52% ] 00/10 VUs  1m03.0s/2m0s  10.00 iters/s

running (1m04.0s), 00/10 VUs, 640 complete and 0 interrupted iterations
payments   [  53% ] 00/10 VUs  1m04.0s/2m0s  10.00 iters/s

running (1m05.0s), 00/10 VUs, 650 complete and 0 interrupted iterations
payments   [  54% ] 00/10 VUs  1m05.0s/2m0s  10.00 iters/s

running (1m06.0s), 00/10 VUs, 660 complete and 0 interrupted iterations
payments   [  55% ] 00/10 VUs  1m06.0s/2m0s  10.00 iters/s

running (1m07.0s), 00/10 VUs, 670 complete and 0 interrupted iterations
payments   [  56% ] 00/10 VUs  1m07.0s/2m0s  10.00 iters/s

running (1m08.0s), 00/10 VUs, 680 complete and 0 interrupted iterations
payments   [  57% ] 00/10 VUs  1m08.0s/2m0s  10.00 iters/s

running (1m09.0s), 00/10 VUs, 690 complete and 0 interrupted iterations
payments   [  57% ] 00/10 VUs  1m09.0s/2m0s  10.00 iters/s

running (1m10.0s), 00/10 VUs, 700 complete and 0 interrupted iterations
payments   [  58% ] 00/10 VUs  1m10.0s/2m0s  10.00 iters/s

running (1m11.0s), 00/10 VUs, 710 complete and 0 interrupted iterations
payments   [  59% ] 00/10 VUs  1m11.0s/2m0s  10.00 iters/s

running (1m12.0s), 00/10 VUs, 720 complete and 0 interrupted iterations
payments   [  60% ] 00/10 VUs  1m12.0s/2m0s  10.00 iters/s

running (1m13.0s), 00/10 VUs, 730 complete and 0 interrupted iterations
payments   [  61% ] 00/10 VUs  1m13.0s/2m0s  10.00 iters/s

running (1m14.0s), 00/10 VUs, 740 complete and 0 interrupted iterations
payments   [  62% ] 00/10 VUs  1m14.0s/2m0s  10.00 iters/s

running (1m15.0s), 00/10 VUs, 750 complete and 0 interrupted iterations
payments   [  62% ] 00/10 VUs  1m15.0s/2m0s  10.00 iters/s

running (1m16.0s), 00/10 VUs, 760 complete and 0 interrupted iterations
payments   [  63% ] 00/10 VUs  1m16.0s/2m0s  10.00 iters/s

running (1m17.0s), 00/10 VUs, 770 complete and 0 interrupted iterations
payments   [  64% ] 00/10 VUs  1m17.0s/2m0s  10.00 iters/s

running (1m18.0s), 00/10 VUs, 780 complete and 0 interrupted iterations
payments   [  65% ] 00/10 VUs  1m18.0s/2m0s  10.00 iters/s

running (1m19.0s), 00/10 VUs, 790 complete and 0 interrupted iterations
payments   [  66% ] 00/10 VUs  1m19.0s/2m0s  10.00 iters/s

running (1m20.0s), 00/10 VUs, 800 complete and 0 interrupted iterations
payments   [  67% ] 00/10 VUs  1m20.0s/2m0s  10.00 iters/s

running (1m21.0s), 00/10 VUs, 810 complete and 0 interrupted iterations
payments   [  67% ] 00/10 VUs  1m21.0s/2m0s  10.00 iters/s

running (1m22.0s), 00/10 VUs, 820 complete and 0 interrupted iterations
payments   [  68% ] 00/10 VUs  1m22.0s/2m0s  10.00 iters/s

running (1m23.0s), 00/10 VUs, 830 complete and 0 interrupted iterations
payments   [  69% ] 00/10 VUs  1m23.0s/2m0s  10.00 iters/s

running (1m24.0s), 00/10 VUs, 840 complete and 0 interrupted iterations
payments   [  70% ] 00/10 VUs  1m24.0s/2m0s  10.00 iters/s

running (1m25.0s), 00/10 VUs, 850 complete and 0 interrupted iterations
payments   [  71% ] 00/10 VUs  1m25.0s/2m0s  10.00 iters/s

running (1m26.0s), 00/10 VUs, 860 complete and 0 interrupted iterations
payments   [  72% ] 00/10 VUs  1m26.0s/2m0s  10.00 iters/s

running (1m27.0s), 00/10 VUs, 870 complete and 0 interrupted iterations
payments   [  72% ] 00/10 VUs  1m27.0s/2m0s  10.00 iters/s

running (1m28.0s), 00/10 VUs, 880 complete and 0 interrupted iterations
payments   [  73% ] 00/10 VUs  1m28.0s/2m0s  10.00 iters/s

running (1m29.0s), 00/10 VUs, 890 complete and 0 interrupted iterations
payments   [  74% ] 00/10 VUs  1m29.0s/2m0s  10.00 iters/s

running (1m30.0s), 00/10 VUs, 900 complete and 0 interrupted iterations
payments   [  75% ] 00/10 VUs  1m30.0s/2m0s  10.00 iters/s

running (1m31.0s), 00/10 VUs, 910 complete and 0 interrupted iterations
payments   [  76% ] 00/10 VUs  1m31.0s/2m0s  10.00 iters/s

running (1m32.0s), 00/10 VUs, 920 complete and 0 interrupted iterations
payments   [  77% ] 00/10 VUs  1m32.0s/2m0s  10.00 iters/s

running (1m33.0s), 00/10 VUs, 930 complete and 0 interrupted iterations
payments   [  77% ] 00/10 VUs  1m33.0s/2m0s  10.00 iters/s

running (1m34.0s), 00/10 VUs, 940 complete and 0 interrupted iterations
payments   [  78% ] 00/10 VUs  1m34.0s/2m0s  10.00 iters/s

running (1m35.0s), 00/10 VUs, 950 complete and 0 interrupted iterations
payments   [  79% ] 00/10 VUs  1m35.0s/2m0s  10.00 iters/s

running (1m36.0s), 00/10 VUs, 960 complete and 0 interrupted iterations
payments   [  80% ] 00/10 VUs  1m36.0s/2m0s  10.00 iters/s

running (1m37.0s), 00/10 VUs, 970 complete and 0 interrupted iterations
payments   [  81% ] 00/10 VUs  1m37.0s/2m0s  10.00 iters/s

running (1m38.0s), 00/10 VUs, 980 complete and 0 interrupted iterations
payments   [  82% ] 00/10 VUs  1m38.0s/2m0s  10.00 iters/s

running (1m39.0s), 00/10 VUs, 990 complete and 0 interrupted iterations
payments   [  82% ] 00/10 VUs  1m39.0s/2m0s  10.00 iters/s

running (1m40.0s), 00/10 VUs, 1000 complete and 0 interrupted iterations
payments   [  83% ] 00/10 VUs  1m40.0s/2m0s  10.00 iters/s

running (1m41.0s), 00/10 VUs, 1010 complete and 0 interrupted iterations
payments   [  84% ] 00/10 VUs  1m41.0s/2m0s  10.00 iters/s

running (1m42.0s), 00/10 VUs, 1020 complete and 0 interrupted iterations
payments   [  85% ] 00/10 VUs  1m42.0s/2m0s  10.00 iters/s

running (1m43.0s), 00/10 VUs, 1030 complete and 0 interrupted iterations
payments   [  86% ] 00/10 VUs  1m43.0s/2m0s  10.00 iters/s

running (1m44.0s), 00/10 VUs, 1040 complete and 0 interrupted iterations
payments   [  87% ] 00/10 VUs  1m44.0s/2m0s  10.00 iters/s

running (1m45.0s), 00/10 VUs, 1050 complete and 0 interrupted iterations
payments   [  87% ] 00/10 VUs  1m45.0s/2m0s  10.00 iters/s

running (1m46.0s), 00/10 VUs, 1060 complete and 0 interrupted iterations
payments   [  88% ] 00/10 VUs  1m46.0s/2m0s  10.00 iters/s

running (1m47.0s), 00/10 VUs, 1070 complete and 0 interrupted iterations
payments   [  89% ] 00/10 VUs  1m47.0s/2m0s  10.00 iters/s

running (1m48.0s), 00/10 VUs, 1080 complete and 0 interrupted iterations
payments   [  90% ] 00/10 VUs  1m48.0s/2m0s  10.00 iters/s

running (1m49.0s), 00/10 VUs, 1090 complete and 0 interrupted iterations
payments   [  91% ] 00/10 VUs  1m49.0s/2m0s  10.00 iters/s

running (1m50.0s), 00/10 VUs, 1100 complete and 0 interrupted iterations
payments   [  92% ] 00/10 VUs  1m50.0s/2m0s  10.00 iters/s

running (1m51.0s), 00/10 VUs, 1110 complete and 0 interrupted iterations
payments   [  92% ] 00/10 VUs  1m51.0s/2m0s  10.00 iters/s

running (1m52.0s), 00/10 VUs, 1120 complete and 0 interrupted iterations
payments   [  93% ] 00/10 VUs  1m52.0s/2m0s  10.00 iters/s

running (1m53.0s), 00/10 VUs, 1130 complete and 0 interrupted iterations
payments   [  94% ] 00/10 VUs  1m53.0s/2m0s  10.00 iters/s

running (1m54.0s), 00/10 VUs, 1140 complete and 0 interrupted iterations
payments   [  95% ] 00/10 VUs  1m54.0s/2m0s  10.00 iters/s

running (1m55.0s), 00/10 VUs, 1150 complete and 0 interrupted iterations
payments   [  96% ] 00/10 VUs  1m55.0s/2m0s  10.00 iters/s

running (1m56.0s), 00/10 VUs, 1160 complete and 0 interrupted iterations
payments   [  97% ] 00/10 VUs  1m56.0s/2m0s  10.00 iters/s

running (1m57.0s), 00/10 VUs, 1170 complete and 0 interrupted iterations
payments   [  97% ] 00/10 VUs  1m57.0s/2m0s  10.00 iters/s

running (1m58.0s), 00/10 VUs, 1180 complete and 0 interrupted iterations
payments   [  98% ] 00/10 VUs  1m58.0s/2m0s  10.00 iters/s

running (1m59.0s), 00/10 VUs, 1190 complete and 0 interrupted iterations
payments   [  99% ] 00/10 VUs  1m59.0s/2m0s  10.00 iters/s

running (2m00.0s), 00/10 VUs, 1200 complete and 0 interrupted iterations
payments   [ 100% ] 00/10 VUs  2m00.0s/2m0s  10.00 iters/s

running (2m00.0s), 00/10 VUs, 1201 complete and 0 interrupted iterations
payments ??[ 100% ] 00/10 VUs  2m0s  10.00 iters/s
